// Jest Snapshot v1, https://goo.gl/fbAQLP

exports[`Logo Should return the Logo component 1`] = `
<img
  alt="Chuck Norris"
  src="https://api.chucknorris.io/img/chucknorris_logo_coloured_small@2x.png"
  style={
    Object {
      "margin": "5%",
      "maxWidth": 400,
      "width": "80%",
    }
  }
/>
`;
